<?xml version="1.0" encoding="utf-8" ?>
<result>
	<row>
		<label>Unknown</label>
		<nb_visits>31</nb_visits>
		<nb_actions>35</nb_actions>
		<max_actions>3</max_actions>
		<sum_visit_length>548</sum_visit_length>
		<bounce_count>28</bounce_count>
		<nb_visits_converted>27</nb_visits_converted>
		<sum_daily_nb_uniq_visitors>30</sum_daily_nb_uniq_visitors>
		<sum_daily_nb_users>1</sum_daily_nb_users>
		<logo>plugins/DevicesDetection/images/brand/Unknown.ico</logo>
	</row>
	<row>
		<label>HTC</label>
		<nb_visits>2</nb_visits>
		<nb_actions>2</nb_actions>
		<max_actions>1</max_actions>
		<sum_visit_length>0</sum_visit_length>
		<bounce_count>2</bounce_count>
		<nb_visits_converted>2</nb_visits_converted>
		<sum_daily_nb_uniq_visitors>2</sum_daily_nb_uniq_visitors>
		<sum_daily_nb_users>0</sum_daily_nb_users>
		<logo>plugins/DevicesDetection/images/brand/HTC.ico</logo>
	</row>
	<row>
		<label>Samsung</label>
		<nb_visits>1</nb_visits>
		<nb_actions>2</nb_actions>
		<max_actions>2</max_actions>
		<sum_visit_length>2</sum_visit_length>
		<bounce_count>0</bounce_count>
		<nb_visits_converted>1</nb_visits_converted>
		<sum_daily_nb_uniq_visitors>1</sum_daily_nb_uniq_visitors>
		<sum_daily_nb_users>1</sum_daily_nb_users>
		<logo>plugins/DevicesDetection/images/brand/Samsung.ico</logo>
	</row>
</result>