<?xml version="1.0" encoding="utf-8" ?>
<result>
	<nb_uniq_visitors>33</nb_uniq_visitors>
	<nb_users>2</nb_users>
	<nb_visits>34</nb_visits>
	<nb_actions>39</nb_actions>
	<nb_visits_converted>30</nb_visits_converted>
	<bounce_count>30</bounce_count>
	<sum_visit_length>550</sum_visit_length>
	<max_actions>3</max_actions>
	<bounce_rate>88%</bounce_rate>
	<nb_actions_per_visit>1.1</nb_actions_per_visit>
	<avg_time_on_site>16</avg_time_on_site>
</result>