<?xml version="1.0" encoding="utf-8" ?>
<result>
	<nb_conversions>30</nb_conversions>
	<nb_visits_converted>30</nb_visits_converted>
	<revenue>150</revenue>
	<conversion_rate>88.24%</conversion_rate>
</result>